// Jest Snapshot v1, https://goo.gl/fbAQLP

exports[`Can create a test snapshot 1`] = `
<div>
  <div
    class="section-outer-wrapper"
    style="background-color: rgb(84, 89, 83);"
  >
    <h3
      class="section-title text-white text-center"
    >
      Monthly
    </h3>
    <div
      class="section-inner-wrapper"
    >
      <div
        class="recharts-responsive-container"
        style="width: 100%; height: 100%; min-width: 0;"
      />
    </div>
  </div>
</div>
`;
